// Jest Snapshot v1, https://goo.gl/fbAQLP

exports[`EventModel test should create an instance of a model  1`] = `
{
  "date": "2023-12-04",
  "endTime": "2023-12-04 09:10:57",
  "id": 67,
  "isAllDay": true,
  "location": "Itanha√©m",
  "startTime": "2023-12-04 07:10:57",
  "title": "Barrow County Airport",
  "userId": 17,
}
`;
